<?xml version="1.0" encoding="UTF-8"?>
<TestRun id="8cf1458d-ecb3-4b97-9ef6-71f970dd2805" name="MattMif@ALFREDLAPTOP 2015-01-14 13:40:22" runUser="AlfredLaptop\MattMif" xmlns="http://microsoft.com/schemas/VisualStudio/TeamTest/2010">
  <TestSettings name="Default Test Settings" id="4d97b362-b0f7-47df-bd9d-8d8dcd5d672f">
    <Deployment runDeploymentRoot="MattMif_ALFREDLAPTOP 2015-01-14 13_40_22">
      <DeploymentItem filename="C:\Users\MattMif\Desktop\SE_Assignment\TraderPlaceApp\Business Logic\bin\Debug\Business Logic.dll" />
      <DeploymentItem filename="C:\Users\MattMif\Desktop\SE_Assignment\TraderPlaceApp\TraderPlaceApp\bin\TraderPlaceApp.dll" />
      <DeploymentItem filename="C:\Users\MattMif\Desktop\SE_Assignment\TraderPlaceApp\Data Access\bin\Debug\Data Access.dll" />
      <DeploymentItem filename="C:\Users\MattMif\Desktop\SE_Assignment\TraderPlaceApp\Common\bin\Debug\Common.dll" />
    </Deployment>
    <Execution>
      <TestTypeSpecific />
      <AgentRule name="Execution Agents">
      </AgentRule>
    </Execution>
  </TestSettings>
  <Times creation="2015-01-14T13:40:22.5864369+01:00" queuing="2015-01-14T13:40:27.4591193+01:00" start="2015-01-14T13:40:27.6431783+01:00" finish="2015-01-14T13:40:59.0322372+01:00" />
  <ResultSummary outcome="Completed">
    <Counters total="27" executed="27" passed="27" error="0" failed="0" timeout="0" aborted="0" inconclusive="0" passedButRunAborted="0" notRunnable="0" notExecuted="0" disconnected="0" warning="0" completed="0" inProgress="0" pending="0" />
  </ResultSummary>
  <TestDefinitions>
    <UnitTest name="GetAllRoles" storage="c:\users\mattmif\desktop\se_assignment\traderplaceapp\traderplaceapp.tests\bin\debug\traderplaceapp.tests.dll" id="ed440bb0-524a-39cc-a811-5f5ad0322b87">
      <Execution id="ad5b7b42-da30-4956-839c-8e9296924d8f" />
      <TestMethod codeBase="C:/Users/MattMif/Desktop/SE_Assignment/TraderPlaceApp/TraderPlaceApp.Tests/bin/Debug/TraderPlaceApp.Tests.DLL" adapterTypeName="Microsoft.VisualStudio.TestTools.TestTypes.Unit.UnitTestAdapter, Microsoft.VisualStudio.QualityTools.Tips.UnitTest.Adapter, Version=10.0.0.0, Culture=neutral, PublicKeyToken=b03f5f7f11d50a3a" className="TraderPlaceApp.Tests.Controllers.RoleControllerTest, TraderPlaceApp.Tests, Version=1.0.0.0, Culture=neutral, PublicKeyToken=null" name="GetAllRoles" />
    </UnitTest>
    <UnitTest name="GetRoleByNameEmptyStringTest" storage="c:\users\mattmif\desktop\se_assignment\traderplaceapp\traderplaceapp.tests\bin\debug\traderplaceapp.tests.dll" id="e74b7b6e-789d-5be6-d6c1-37548d53e5e2">
      <Execution id="0d55e06b-5e60-464c-86ca-01a545b9f2b5" />
      <TestMethod codeBase="C:/Users/MattMif/Desktop/SE_Assignment/TraderPlaceApp/TraderPlaceApp.Tests/bin/Debug/TraderPlaceApp.Tests.DLL" adapterTypeName="Microsoft.VisualStudio.TestTools.TestTypes.Unit.UnitTestAdapter, Microsoft.VisualStudio.QualityTools.Tips.UnitTest.Adapter, Version=10.0.0.0, Culture=neutral, PublicKeyToken=b03f5f7f11d50a3a" className="TraderPlaceApp.Tests.Controllers.RoleControllerTest, TraderPlaceApp.Tests, Version=1.0.0.0, Culture=neutral, PublicKeyToken=null" name="GetRoleByNameEmptyStringTest" />
    </UnitTest>
    <UnitTest name="GetRoleByNameTest" storage="c:\users\mattmif\desktop\se_assignment\traderplaceapp\traderplaceapp.tests\bin\debug\traderplaceapp.tests.dll" id="ec03753a-776a-ffbf-48d0-5e2fda83d07c">
      <Execution id="192633a5-560d-4dfb-bebd-38ac89e8fcfe" />
      <TestMethod codeBase="C:/Users/MattMif/Desktop/SE_Assignment/TraderPlaceApp/TraderPlaceApp.Tests/bin/Debug/TraderPlaceApp.Tests.DLL" adapterTypeName="Microsoft.VisualStudio.TestTools.TestTypes.Unit.UnitTestAdapter, Microsoft.VisualStudio.QualityTools.Tips.UnitTest.Adapter, Version=10.0.0.0, Culture=neutral, PublicKeyToken=b03f5f7f11d50a3a" className="TraderPlaceApp.Tests.Controllers.RoleControllerTest, TraderPlaceApp.Tests, Version=1.0.0.0, Culture=neutral, PublicKeyToken=null" name="GetRoleByNameTest" />
    </UnitTest>
    <UnitTest name="GetRoleByNameTestWithNumbers" storage="c:\users\mattmif\desktop\se_assignment\traderplaceapp\traderplaceapp.tests\bin\debug\traderplaceapp.tests.dll" id="d474ced3-1095-217a-30c1-e75c5d5363f0">
      <Execution id="31303a76-6be6-436d-8b6d-679ce566a11a" />
      <TestMethod codeBase="C:/Users/MattMif/Desktop/SE_Assignment/TraderPlaceApp/TraderPlaceApp.Tests/bin/Debug/TraderPlaceApp.Tests.DLL" adapterTypeName="Microsoft.VisualStudio.TestTools.TestTypes.Unit.UnitTestAdapter, Microsoft.VisualStudio.QualityTools.Tips.UnitTest.Adapter, Version=10.0.0.0, Culture=neutral, PublicKeyToken=b03f5f7f11d50a3a" className="TraderPlaceApp.Tests.Controllers.RoleControllerTest, TraderPlaceApp.Tests, Version=1.0.0.0, Culture=neutral, PublicKeyToken=null" name="GetRoleByNameTestWithNumbers" />
    </UnitTest>
    <UnitTest name="GetRoleByNameTestWithLongChar" storage="c:\users\mattmif\desktop\se_assignment\traderplaceapp\traderplaceapp.tests\bin\debug\traderplaceapp.tests.dll" id="be4cecf6-7322-8f33-6664-d8013714b2f2">
      <Execution id="60cf9c9d-e6f0-49a4-b011-46f48995d091" />
      <TestMethod codeBase="C:/Users/MattMif/Desktop/SE_Assignment/TraderPlaceApp/TraderPlaceApp.Tests/bin/Debug/TraderPlaceApp.Tests.DLL" adapterTypeName="Microsoft.VisualStudio.TestTools.TestTypes.Unit.UnitTestAdapter, Microsoft.VisualStudio.QualityTools.Tips.UnitTest.Adapter, Version=10.0.0.0, Culture=neutral, PublicKeyToken=b03f5f7f11d50a3a" className="TraderPlaceApp.Tests.Controllers.RoleControllerTest, TraderPlaceApp.Tests, Version=1.0.0.0, Culture=neutral, PublicKeyToken=null" name="GetRoleByNameTestWithLongChar" />
    </UnitTest>
    <UnitTest name="AddRoleTestWithEmptyField" storage="c:\users\mattmif\desktop\se_assignment\traderplaceapp\traderplaceapp.tests\bin\debug\traderplaceapp.tests.dll" id="fede1600-7016-2355-d7d6-4a8a179f3139">
      <Execution id="dd762271-9d70-4f6d-b8dc-7ad5fc58d76a" />
      <TestMethod codeBase="C:/Users/MattMif/Desktop/SE_Assignment/TraderPlaceApp/TraderPlaceApp.Tests/bin/Debug/TraderPlaceApp.Tests.DLL" adapterTypeName="Microsoft.VisualStudio.TestTools.TestTypes.Unit.UnitTestAdapter, Microsoft.VisualStudio.QualityTools.Tips.UnitTest.Adapter, Version=10.0.0.0, Culture=neutral, PublicKeyToken=b03f5f7f11d50a3a" className="TraderPlaceApp.Tests.Controllers.RoleControllerTest, TraderPlaceApp.Tests, Version=1.0.0.0, Culture=neutral, PublicKeyToken=null" name="AddRoleTestWithEmptyField" />
    </UnitTest>
    <UnitTest name="GetRoleByNameTestWithNonAsciiChar" storage="c:\users\mattmif\desktop\se_assignment\traderplaceapp\traderplaceapp.tests\bin\debug\traderplaceapp.tests.dll" id="a122af15-54f1-74de-2685-e888694ddbf6">
      <Execution id="3a322590-efcb-472a-9eaa-0349bd468ee3" />
      <TestMethod codeBase="C:/Users/MattMif/Desktop/SE_Assignment/TraderPlaceApp/TraderPlaceApp.Tests/bin/Debug/TraderPlaceApp.Tests.DLL" adapterTypeName="Microsoft.VisualStudio.TestTools.TestTypes.Unit.UnitTestAdapter, Microsoft.VisualStudio.QualityTools.Tips.UnitTest.Adapter, Version=10.0.0.0, Culture=neutral, PublicKeyToken=b03f5f7f11d50a3a" className="TraderPlaceApp.Tests.Controllers.RoleControllerTest, TraderPlaceApp.Tests, Version=1.0.0.0, Culture=neutral, PublicKeyToken=null" name="GetRoleByNameTestWithNonAsciiChar" />
    </UnitTest>
    <UnitTest name="AddRoleTestWithNameShort" storage="c:\users\mattmif\desktop\se_assignment\traderplaceapp\traderplaceapp.tests\bin\debug\traderplaceapp.tests.dll" id="001b2887-64be-1d3f-c6a2-227b513cc2fc">
      <Execution id="2d417e19-6e53-4fea-8918-c2c1ca2c2a2a" />
      <TestMethod codeBase="C:/Users/MattMif/Desktop/SE_Assignment/TraderPlaceApp/TraderPlaceApp.Tests/bin/Debug/TraderPlaceApp.Tests.DLL" adapterTypeName="Microsoft.VisualStudio.TestTools.TestTypes.Unit.UnitTestAdapter, Microsoft.VisualStudio.QualityTools.Tips.UnitTest.Adapter, Version=10.0.0.0, Culture=neutral, PublicKeyToken=b03f5f7f11d50a3a" className="TraderPlaceApp.Tests.Controllers.RoleControllerTest, TraderPlaceApp.Tests, Version=1.0.0.0, Culture=neutral, PublicKeyToken=null" name="AddRoleTestWithNameShort" />
    </UnitTest>
    <UnitTest name="DeleteRoleTestWithIndexOutOfRange" storage="c:\users\mattmif\desktop\se_assignment\traderplaceapp\traderplaceapp.tests\bin\debug\traderplaceapp.tests.dll" id="41360058-c956-36b7-984d-e4a341817741">
      <Execution id="2e92cc00-7a11-46a9-8b69-b6897a6cbd0c" />
      <TestMethod codeBase="C:/Users/MattMif/Desktop/SE_Assignment/TraderPlaceApp/TraderPlaceApp.Tests/bin/Debug/TraderPlaceApp.Tests.DLL" adapterTypeName="Microsoft.VisualStudio.TestTools.TestTypes.Unit.UnitTestAdapter, Microsoft.VisualStudio.QualityTools.Tips.UnitTest.Adapter, Version=10.0.0.0, Culture=neutral, PublicKeyToken=b03f5f7f11d50a3a" className="TraderPlaceApp.Tests.Controllers.RoleControllerTest, TraderPlaceApp.Tests, Version=1.0.0.0, Culture=neutral, PublicKeyToken=null" name="DeleteRoleTestWithIndexOutOfRange" />
    </UnitTest>
    <UnitTest name="AddRoleTest" storage="c:\users\mattmif\desktop\se_assignment\traderplaceapp\traderplaceapp.tests\bin\debug\traderplaceapp.tests.dll" id="d8d2fa1b-accd-c01c-d46e-1abaf4a1de9e">
      <Execution id="8e9353a0-e5af-40f0-946c-532fcde2b458" />
      <TestMethod codeBase="C:/Users/MattMif/Desktop/SE_Assignment/TraderPlaceApp/TraderPlaceApp.Tests/bin/Debug/TraderPlaceApp.Tests.DLL" adapterTypeName="Microsoft.VisualStudio.TestTools.TestTypes.Unit.UnitTestAdapter, Microsoft.VisualStudio.QualityTools.Tips.UnitTest.Adapter, Version=10.0.0.0, Culture=neutral, PublicKeyToken=b03f5f7f11d50a3a" className="TraderPlaceApp.Tests.Controllers.RoleControllerTest, TraderPlaceApp.Tests, Version=1.0.0.0, Culture=neutral, PublicKeyToken=null" name="AddRoleTest" />
    </UnitTest>
    <UnitTest name="AddRoleTestWithNonAsciiChar" storage="c:\users\mattmif\desktop\se_assignment\traderplaceapp\traderplaceapp.tests\bin\debug\traderplaceapp.tests.dll" id="66c98eba-f7e3-85ce-5e49-83341cfd6d14">
      <Execution id="275c4cf3-0927-4ace-a08f-90586f66eb91" />
      <TestMethod codeBase="C:/Users/MattMif/Desktop/SE_Assignment/TraderPlaceApp/TraderPlaceApp.Tests/bin/Debug/TraderPlaceApp.Tests.DLL" adapterTypeName="Microsoft.VisualStudio.TestTools.TestTypes.Unit.UnitTestAdapter, Microsoft.VisualStudio.QualityTools.Tips.UnitTest.Adapter, Version=10.0.0.0, Culture=neutral, PublicKeyToken=b03f5f7f11d50a3a" className="TraderPlaceApp.Tests.Controllers.RoleControllerTest, TraderPlaceApp.Tests, Version=1.0.0.0, Culture=neutral, PublicKeyToken=null" name="AddRoleTestWithNonAsciiChar" />
    </UnitTest>
    <UnitTest name="UpdateRoleWithNumbers" storage="c:\users\mattmif\desktop\se_assignment\traderplaceapp\traderplaceapp.tests\bin\debug\traderplaceapp.tests.dll" id="2eb1c1f9-7973-11ea-857c-3d44bafd2aea">
      <Execution id="c3da8eaf-31f2-47cc-87ce-98841108e9d9" />
      <TestMethod codeBase="C:/Users/MattMif/Desktop/SE_Assignment/TraderPlaceApp/TraderPlaceApp.Tests/bin/Debug/TraderPlaceApp.Tests.DLL" adapterTypeName="Microsoft.VisualStudio.TestTools.TestTypes.Unit.UnitTestAdapter, Microsoft.VisualStudio.QualityTools.Tips.UnitTest.Adapter, Version=10.0.0.0, Culture=neutral, PublicKeyToken=b03f5f7f11d50a3a" className="TraderPlaceApp.Tests.Controllers.RoleControllerTest, TraderPlaceApp.Tests, Version=1.0.0.0, Culture=neutral, PublicKeyToken=null" name="UpdateRoleWithNumbers" />
    </UnitTest>
    <UnitTest name="UpdateRoleWithEmptyString" storage="c:\users\mattmif\desktop\se_assignment\traderplaceapp\traderplaceapp.tests\bin\debug\traderplaceapp.tests.dll" id="9e664647-4cab-93ef-27fa-d96bdc610731">
      <Execution id="b32e32ca-01ad-45f4-9010-a76983ac2832" />
      <TestMethod codeBase="C:/Users/MattMif/Desktop/SE_Assignment/TraderPlaceApp/TraderPlaceApp.Tests/bin/Debug/TraderPlaceApp.Tests.DLL" adapterTypeName="Microsoft.VisualStudio.TestTools.TestTypes.Unit.UnitTestAdapter, Microsoft.VisualStudio.QualityTools.Tips.UnitTest.Adapter, Version=10.0.0.0, Culture=neutral, PublicKeyToken=b03f5f7f11d50a3a" className="TraderPlaceApp.Tests.Controllers.RoleControllerTest, TraderPlaceApp.Tests, Version=1.0.0.0, Culture=neutral, PublicKeyToken=null" name="UpdateRoleWithEmptyString" />
    </UnitTest>
    <UnitTest name="UpdateRoleWithLongChar" storage="c:\users\mattmif\desktop\se_assignment\traderplaceapp\traderplaceapp.tests\bin\debug\traderplaceapp.tests.dll" id="51260270-99c2-a592-6289-efc648b7c1ce">
      <Execution id="81e90800-a084-43d6-bb3a-f9faaaed9f62" />
      <TestMethod codeBase="C:/Users/MattMif/Desktop/SE_Assignment/TraderPlaceApp/TraderPlaceApp.Tests/bin/Debug/TraderPlaceApp.Tests.DLL" adapterTypeName="Microsoft.VisualStudio.TestTools.TestTypes.Unit.UnitTestAdapter, Microsoft.VisualStudio.QualityTools.Tips.UnitTest.Adapter, Version=10.0.0.0, Culture=neutral, PublicKeyToken=b03f5f7f11d50a3a" className="TraderPlaceApp.Tests.Controllers.RoleControllerTest, TraderPlaceApp.Tests, Version=1.0.0.0, Culture=neutral, PublicKeyToken=null" name="UpdateRoleWithLongChar" />
    </UnitTest>
    <UnitTest name="GetRoleByNameTestWithShortChar" storage="c:\users\mattmif\desktop\se_assignment\traderplaceapp\traderplaceapp.tests\bin\debug\traderplaceapp.tests.dll" id="48ef3168-d4a5-aad6-d2d5-589a123f5ebd">
      <Execution id="7c3cd511-3afc-493f-b283-49e1d5fab6fe" />
      <TestMethod codeBase="C:/Users/MattMif/Desktop/SE_Assignment/TraderPlaceApp/TraderPlaceApp.Tests/bin/Debug/TraderPlaceApp.Tests.DLL" adapterTypeName="Microsoft.VisualStudio.TestTools.TestTypes.Unit.UnitTestAdapter, Microsoft.VisualStudio.QualityTools.Tips.UnitTest.Adapter, Version=10.0.0.0, Culture=neutral, PublicKeyToken=b03f5f7f11d50a3a" className="TraderPlaceApp.Tests.Controllers.RoleControllerTest, TraderPlaceApp.Tests, Version=1.0.0.0, Culture=neutral, PublicKeyToken=null" name="GetRoleByNameTestWithShortChar" />
    </UnitTest>
    <UnitTest name="About" storage="c:\users\mattmif\desktop\se_assignment\traderplaceapp\traderplaceapp.tests\bin\debug\traderplaceapp.tests.dll" id="a4442ed4-7a8b-a60d-2e57-ab4d2b217857">
      <Execution id="1e4c44a3-cd68-4b9a-82ee-d146df617d43" />
      <TestMethod codeBase="C:/Users/MattMif/Desktop/SE_Assignment/TraderPlaceApp/TraderPlaceApp.Tests/bin/Debug/TraderPlaceApp.Tests.DLL" adapterTypeName="Microsoft.VisualStudio.TestTools.TestTypes.Unit.UnitTestAdapter, Microsoft.VisualStudio.QualityTools.Tips.UnitTest.Adapter, Version=10.0.0.0, Culture=neutral, PublicKeyToken=b03f5f7f11d50a3a" className="TraderPlaceApp.Tests.Controllers.HomeControllerTest, TraderPlaceApp.Tests, Version=1.0.0.0, Culture=neutral, PublicKeyToken=null" name="About" />
    </UnitTest>
    <UnitTest name="AddRoleTestWithNull" storage="c:\users\mattmif\desktop\se_assignment\traderplaceapp\traderplaceapp.tests\bin\debug\traderplaceapp.tests.dll" id="c8581f93-0a87-3119-5ba0-98106f3298db">
      <Execution id="0b3ac15b-f64d-4d0c-a620-c9a2c5b95372" />
      <TestMethod codeBase="C:/Users/MattMif/Desktop/SE_Assignment/TraderPlaceApp/TraderPlaceApp.Tests/bin/Debug/TraderPlaceApp.Tests.DLL" adapterTypeName="Microsoft.VisualStudio.TestTools.TestTypes.Unit.UnitTestAdapter, Microsoft.VisualStudio.QualityTools.Tips.UnitTest.Adapter, Version=10.0.0.0, Culture=neutral, PublicKeyToken=b03f5f7f11d50a3a" className="TraderPlaceApp.Tests.Controllers.RoleControllerTest, TraderPlaceApp.Tests, Version=1.0.0.0, Culture=neutral, PublicKeyToken=null" name="AddRoleTestWithNull" />
    </UnitTest>
    <UnitTest name="DeleteRoleTestWithNonExistingID" storage="c:\users\mattmif\desktop\se_assignment\traderplaceapp\traderplaceapp.tests\bin\debug\traderplaceapp.tests.dll" id="7f14bc7e-3bed-bd76-5aee-5a8cf6bdc6e4">
      <Execution id="a5f7d0ba-1df1-4190-a91b-58ee4b167558" />
      <TestMethod codeBase="C:/Users/MattMif/Desktop/SE_Assignment/TraderPlaceApp/TraderPlaceApp.Tests/bin/Debug/TraderPlaceApp.Tests.DLL" adapterTypeName="Microsoft.VisualStudio.TestTools.TestTypes.Unit.UnitTestAdapter, Microsoft.VisualStudio.QualityTools.Tips.UnitTest.Adapter, Version=10.0.0.0, Culture=neutral, PublicKeyToken=b03f5f7f11d50a3a" className="TraderPlaceApp.Tests.Controllers.RoleControllerTest, TraderPlaceApp.Tests, Version=1.0.0.0, Culture=neutral, PublicKeyToken=null" name="DeleteRoleTestWithNonExistingID" />
    </UnitTest>
    <UnitTest name="GetRoleByNameTestWithNull" storage="c:\users\mattmif\desktop\se_assignment\traderplaceapp\traderplaceapp.tests\bin\debug\traderplaceapp.tests.dll" id="fa9ad786-6169-c1bc-8e78-ccc4cebcb112">
      <Execution id="9656bd19-1227-4301-a72e-d5012512be00" />
      <TestMethod codeBase="C:/Users/MattMif/Desktop/SE_Assignment/TraderPlaceApp/TraderPlaceApp.Tests/bin/Debug/TraderPlaceApp.Tests.DLL" adapterTypeName="Microsoft.VisualStudio.TestTools.TestTypes.Unit.UnitTestAdapter, Microsoft.VisualStudio.QualityTools.Tips.UnitTest.Adapter, Version=10.0.0.0, Culture=neutral, PublicKeyToken=b03f5f7f11d50a3a" className="TraderPlaceApp.Tests.Controllers.RoleControllerTest, TraderPlaceApp.Tests, Version=1.0.0.0, Culture=neutral, PublicKeyToken=null" name="GetRoleByNameTestWithNull" />
    </UnitTest>
    <UnitTest name="UpdateRoleWithShortChar" storage="c:\users\mattmif\desktop\se_assignment\traderplaceapp\traderplaceapp.tests\bin\debug\traderplaceapp.tests.dll" id="f1df9c13-4c0a-702e-6bea-c04ad84dcfec">
      <Execution id="7116cf2a-0042-4dc6-b252-8f6fe7cfa771" />
      <TestMethod codeBase="C:/Users/MattMif/Desktop/SE_Assignment/TraderPlaceApp/TraderPlaceApp.Tests/bin/Debug/TraderPlaceApp.Tests.DLL" adapterTypeName="Microsoft.VisualStudio.TestTools.TestTypes.Unit.UnitTestAdapter, Microsoft.VisualStudio.QualityTools.Tips.UnitTest.Adapter, Version=10.0.0.0, Culture=neutral, PublicKeyToken=b03f5f7f11d50a3a" className="TraderPlaceApp.Tests.Controllers.RoleControllerTest, TraderPlaceApp.Tests, Version=1.0.0.0, Culture=neutral, PublicKeyToken=null" name="UpdateRoleWithShortChar" />
    </UnitTest>
    <UnitTest name="UpdateRoleWithNonAsciiChar" storage="c:\users\mattmif\desktop\se_assignment\traderplaceapp\traderplaceapp.tests\bin\debug\traderplaceapp.tests.dll" id="c055d1e6-3f71-cb60-a031-1f1af95fa19e">
      <Execution id="36bdaee5-51d9-4c57-91f6-9ec7152f92d0" />
      <TestMethod codeBase="C:/Users/MattMif/Desktop/SE_Assignment/TraderPlaceApp/TraderPlaceApp.Tests/bin/Debug/TraderPlaceApp.Tests.DLL" adapterTypeName="Microsoft.VisualStudio.TestTools.TestTypes.Unit.UnitTestAdapter, Microsoft.VisualStudio.QualityTools.Tips.UnitTest.Adapter, Version=10.0.0.0, Culture=neutral, PublicKeyToken=b03f5f7f11d50a3a" className="TraderPlaceApp.Tests.Controllers.RoleControllerTest, TraderPlaceApp.Tests, Version=1.0.0.0, Culture=neutral, PublicKeyToken=null" name="UpdateRoleWithNonAsciiChar" />
    </UnitTest>
    <UnitTest name="AddRoleTestWithNumbers" storage="c:\users\mattmif\desktop\se_assignment\traderplaceapp\traderplaceapp.tests\bin\debug\traderplaceapp.tests.dll" id="fcafdad6-d044-8dfa-0a18-ccddb9d60a38">
      <Execution id="cc196318-9fa6-4d3f-8521-e674309ed56a" />
      <TestMethod codeBase="C:/Users/MattMif/Desktop/SE_Assignment/TraderPlaceApp/TraderPlaceApp.Tests/bin/Debug/TraderPlaceApp.Tests.DLL" adapterTypeName="Microsoft.VisualStudio.TestTools.TestTypes.Unit.UnitTestAdapter, Microsoft.VisualStudio.QualityTools.Tips.UnitTest.Adapter, Version=10.0.0.0, Culture=neutral, PublicKeyToken=b03f5f7f11d50a3a" className="TraderPlaceApp.Tests.Controllers.RoleControllerTest, TraderPlaceApp.Tests, Version=1.0.0.0, Culture=neutral, PublicKeyToken=null" name="AddRoleTestWithNumbers" />
    </UnitTest>
    <UnitTest name="UpdateRoleTest" storage="c:\users\mattmif\desktop\se_assignment\traderplaceapp\traderplaceapp.tests\bin\debug\traderplaceapp.tests.dll" id="50cf6af9-82f8-7b49-b96f-42b2e6933e75">
      <Execution id="e4749d4c-ddbe-44bf-8aad-dcb16c5d67fe" />
      <TestMethod codeBase="C:/Users/MattMif/Desktop/SE_Assignment/TraderPlaceApp/TraderPlaceApp.Tests/bin/Debug/TraderPlaceApp.Tests.DLL" adapterTypeName="Microsoft.VisualStudio.TestTools.TestTypes.Unit.UnitTestAdapter, Microsoft.VisualStudio.QualityTools.Tips.UnitTest.Adapter, Version=10.0.0.0, Culture=neutral, PublicKeyToken=b03f5f7f11d50a3a" className="TraderPlaceApp.Tests.Controllers.RoleControllerTest, TraderPlaceApp.Tests, Version=1.0.0.0, Culture=neutral, PublicKeyToken=null" name="UpdateRoleTest" />
    </UnitTest>
    <UnitTest name="AddRoleTestWithNameLong" storage="c:\users\mattmif\desktop\se_assignment\traderplaceapp\traderplaceapp.tests\bin\debug\traderplaceapp.tests.dll" id="cc6ec9c0-b057-e971-65ad-b6ecc692f7a4">
      <Execution id="03c12a16-eeb2-4b2a-8579-704c57be1dce" />
      <TestMethod codeBase="C:/Users/MattMif/Desktop/SE_Assignment/TraderPlaceApp/TraderPlaceApp.Tests/bin/Debug/TraderPlaceApp.Tests.DLL" adapterTypeName="Microsoft.VisualStudio.TestTools.TestTypes.Unit.UnitTestAdapter, Microsoft.VisualStudio.QualityTools.Tips.UnitTest.Adapter, Version=10.0.0.0, Culture=neutral, PublicKeyToken=b03f5f7f11d50a3a" className="TraderPlaceApp.Tests.Controllers.RoleControllerTest, TraderPlaceApp.Tests, Version=1.0.0.0, Culture=neutral, PublicKeyToken=null" name="AddRoleTestWithNameLong" />
    </UnitTest>
    <UnitTest name="Index" storage="c:\users\mattmif\desktop\se_assignment\traderplaceapp\traderplaceapp.tests\bin\debug\traderplaceapp.tests.dll" id="ad9f2b81-0289-2271-fb57-aeecbe404f38">
      <Execution id="6567965b-d706-4126-adbf-0c33d5afa8ac" />
      <TestMethod codeBase="C:/Users/MattMif/Desktop/SE_Assignment/TraderPlaceApp/TraderPlaceApp.Tests/bin/Debug/TraderPlaceApp.Tests.DLL" adapterTypeName="Microsoft.VisualStudio.TestTools.TestTypes.Unit.UnitTestAdapter, Microsoft.VisualStudio.QualityTools.Tips.UnitTest.Adapter, Version=10.0.0.0, Culture=neutral, PublicKeyToken=b03f5f7f11d50a3a" className="TraderPlaceApp.Tests.Controllers.HomeControllerTest, TraderPlaceApp.Tests, Version=1.0.0.0, Culture=neutral, PublicKeyToken=null" name="Index" />
    </UnitTest>
    <UnitTest name="UpdateRoleWithNull" storage="c:\users\mattmif\desktop\se_assignment\traderplaceapp\traderplaceapp.tests\bin\debug\traderplaceapp.tests.dll" id="a14cde04-63ac-9696-d432-e3e50e9e4dc3">
      <Execution id="f5a7ee9d-3918-4b9d-943b-ff13b8032b91" />
      <TestMethod codeBase="C:/Users/MattMif/Desktop/SE_Assignment/TraderPlaceApp/TraderPlaceApp.Tests/bin/Debug/TraderPlaceApp.Tests.DLL" adapterTypeName="Microsoft.VisualStudio.TestTools.TestTypes.Unit.UnitTestAdapter, Microsoft.VisualStudio.QualityTools.Tips.UnitTest.Adapter, Version=10.0.0.0, Culture=neutral, PublicKeyToken=b03f5f7f11d50a3a" className="TraderPlaceApp.Tests.Controllers.RoleControllerTest, TraderPlaceApp.Tests, Version=1.0.0.0, Culture=neutral, PublicKeyToken=null" name="UpdateRoleWithNull" />
    </UnitTest>
    <UnitTest name="DeleteRoleTest" storage="c:\users\mattmif\desktop\se_assignment\traderplaceapp\traderplaceapp.tests\bin\debug\traderplaceapp.tests.dll" id="7504c301-0505-f3c9-4ca1-4aee94ea9878">
      <Execution id="a02d7541-b45f-4906-892e-9876c88690a2" />
      <TestMethod codeBase="C:/Users/MattMif/Desktop/SE_Assignment/TraderPlaceApp/TraderPlaceApp.Tests/bin/Debug/TraderPlaceApp.Tests.DLL" adapterTypeName="Microsoft.VisualStudio.TestTools.TestTypes.Unit.UnitTestAdapter, Microsoft.VisualStudio.QualityTools.Tips.UnitTest.Adapter, Version=10.0.0.0, Culture=neutral, PublicKeyToken=b03f5f7f11d50a3a" className="TraderPlaceApp.Tests.Controllers.RoleControllerTest, TraderPlaceApp.Tests, Version=1.0.0.0, Culture=neutral, PublicKeyToken=null" name="DeleteRoleTest" />
    </UnitTest>
  </TestDefinitions>
  <TestLists>
    <TestList name="Results Not in a List" id="8c84fa94-04c1-424b-9868-57a2d4851a1d" />
    <TestList name="All Loaded Results" id="19431567-8539-422a-85d7-44ee4e166bda" />
  </TestLists>
  <TestEntries>
    <TestEntry testId="001b2887-64be-1d3f-c6a2-227b513cc2fc" executionId="2d417e19-6e53-4fea-8918-c2c1ca2c2a2a" testListId="8c84fa94-04c1-424b-9868-57a2d4851a1d" />
    <TestEntry testId="2eb1c1f9-7973-11ea-857c-3d44bafd2aea" executionId="c3da8eaf-31f2-47cc-87ce-98841108e9d9" testListId="8c84fa94-04c1-424b-9868-57a2d4851a1d" />
    <TestEntry testId="41360058-c956-36b7-984d-e4a341817741" executionId="2e92cc00-7a11-46a9-8b69-b6897a6cbd0c" testListId="8c84fa94-04c1-424b-9868-57a2d4851a1d" />
    <TestEntry testId="48ef3168-d4a5-aad6-d2d5-589a123f5ebd" executionId="7c3cd511-3afc-493f-b283-49e1d5fab6fe" testListId="8c84fa94-04c1-424b-9868-57a2d4851a1d" />
    <TestEntry testId="50cf6af9-82f8-7b49-b96f-42b2e6933e75" executionId="e4749d4c-ddbe-44bf-8aad-dcb16c5d67fe" testListId="8c84fa94-04c1-424b-9868-57a2d4851a1d" />
    <TestEntry testId="51260270-99c2-a592-6289-efc648b7c1ce" executionId="81e90800-a084-43d6-bb3a-f9faaaed9f62" testListId="8c84fa94-04c1-424b-9868-57a2d4851a1d" />
    <TestEntry testId="66c98eba-f7e3-85ce-5e49-83341cfd6d14" executionId="275c4cf3-0927-4ace-a08f-90586f66eb91" testListId="8c84fa94-04c1-424b-9868-57a2d4851a1d" />
    <TestEntry testId="7504c301-0505-f3c9-4ca1-4aee94ea9878" executionId="a02d7541-b45f-4906-892e-9876c88690a2" testListId="8c84fa94-04c1-424b-9868-57a2d4851a1d" />
    <TestEntry testId="7f14bc7e-3bed-bd76-5aee-5a8cf6bdc6e4" executionId="a5f7d0ba-1df1-4190-a91b-58ee4b167558" testListId="8c84fa94-04c1-424b-9868-57a2d4851a1d" />
    <TestEntry testId="9e664647-4cab-93ef-27fa-d96bdc610731" executionId="b32e32ca-01ad-45f4-9010-a76983ac2832" testListId="8c84fa94-04c1-424b-9868-57a2d4851a1d" />
    <TestEntry testId="a122af15-54f1-74de-2685-e888694ddbf6" executionId="3a322590-efcb-472a-9eaa-0349bd468ee3" testListId="8c84fa94-04c1-424b-9868-57a2d4851a1d" />
    <TestEntry testId="a14cde04-63ac-9696-d432-e3e50e9e4dc3" executionId="f5a7ee9d-3918-4b9d-943b-ff13b8032b91" testListId="8c84fa94-04c1-424b-9868-57a2d4851a1d" />
    <TestEntry testId="a4442ed4-7a8b-a60d-2e57-ab4d2b217857" executionId="1e4c44a3-cd68-4b9a-82ee-d146df617d43" testListId="8c84fa94-04c1-424b-9868-57a2d4851a1d" />
    <TestEntry testId="ad9f2b81-0289-2271-fb57-aeecbe404f38" executionId="6567965b-d706-4126-adbf-0c33d5afa8ac" testListId="8c84fa94-04c1-424b-9868-57a2d4851a1d" />
    <TestEntry testId="be4cecf6-7322-8f33-6664-d8013714b2f2" executionId="60cf9c9d-e6f0-49a4-b011-46f48995d091" testListId="8c84fa94-04c1-424b-9868-57a2d4851a1d" />
    <TestEntry testId="c055d1e6-3f71-cb60-a031-1f1af95fa19e" executionId="36bdaee5-51d9-4c57-91f6-9ec7152f92d0" testListId="8c84fa94-04c1-424b-9868-57a2d4851a1d" />
    <TestEntry testId="c8581f93-0a87-3119-5ba0-98106f3298db" executionId="0b3ac15b-f64d-4d0c-a620-c9a2c5b95372" testListId="8c84fa94-04c1-424b-9868-57a2d4851a1d" />
    <TestEntry testId="cc6ec9c0-b057-e971-65ad-b6ecc692f7a4" executionId="03c12a16-eeb2-4b2a-8579-704c57be1dce" testListId="8c84fa94-04c1-424b-9868-57a2d4851a1d" />
    <TestEntry testId="d474ced3-1095-217a-30c1-e75c5d5363f0" executionId="31303a76-6be6-436d-8b6d-679ce566a11a" testListId="8c84fa94-04c1-424b-9868-57a2d4851a1d" />
    <TestEntry testId="d8d2fa1b-accd-c01c-d46e-1abaf4a1de9e" executionId="8e9353a0-e5af-40f0-946c-532fcde2b458" testListId="8c84fa94-04c1-424b-9868-57a2d4851a1d" />
    <TestEntry testId="e74b7b6e-789d-5be6-d6c1-37548d53e5e2" executionId="0d55e06b-5e60-464c-86ca-01a545b9f2b5" testListId="8c84fa94-04c1-424b-9868-57a2d4851a1d" />
    <TestEntry testId="ec03753a-776a-ffbf-48d0-5e2fda83d07c" executionId="192633a5-560d-4dfb-bebd-38ac89e8fcfe" testListId="8c84fa94-04c1-424b-9868-57a2d4851a1d" />
    <TestEntry testId="ed440bb0-524a-39cc-a811-5f5ad0322b87" executionId="ad5b7b42-da30-4956-839c-8e9296924d8f" testListId="8c84fa94-04c1-424b-9868-57a2d4851a1d" />
    <TestEntry testId="f1df9c13-4c0a-702e-6bea-c04ad84dcfec" executionId="7116cf2a-0042-4dc6-b252-8f6fe7cfa771" testListId="8c84fa94-04c1-424b-9868-57a2d4851a1d" />
    <TestEntry testId="fa9ad786-6169-c1bc-8e78-ccc4cebcb112" executionId="9656bd19-1227-4301-a72e-d5012512be00" testListId="8c84fa94-04c1-424b-9868-57a2d4851a1d" />
    <TestEntry testId="fcafdad6-d044-8dfa-0a18-ccddb9d60a38" executionId="cc196318-9fa6-4d3f-8521-e674309ed56a" testListId="8c84fa94-04c1-424b-9868-57a2d4851a1d" />
    <TestEntry testId="fede1600-7016-2355-d7d6-4a8a179f3139" executionId="dd762271-9d70-4f6d-b8dc-7ad5fc58d76a" testListId="8c84fa94-04c1-424b-9868-57a2d4851a1d" />
  </TestEntries>
  <Results>
    <UnitTestResult executionId="2d417e19-6e53-4fea-8918-c2c1ca2c2a2a" testId="001b2887-64be-1d3f-c6a2-227b513cc2fc" testName="AddRoleTestWithNameShort" computerName="ALFREDLAPTOP" duration="00:00:06.4969582" startTime="2015-01-14T13:40:27.7071997+01:00" endTime="2015-01-14T13:40:35.7228986+01:00" testType="13cdc9d9-ddb5-4fa4-a97d-d965ccfc6d4b" outcome="Passed" testListId="8c84fa94-04c1-424b-9868-57a2d4851a1d" relativeResultsDirectory="2d417e19-6e53-4fea-8918-c2c1ca2c2a2a">
    </UnitTestResult>
    <UnitTestResult executionId="c3da8eaf-31f2-47cc-87ce-98841108e9d9" testId="2eb1c1f9-7973-11ea-857c-3d44bafd2aea" testName="UpdateRoleWithNumbers" computerName="ALFREDLAPTOP" duration="00:00:01.0022108" startTime="2015-01-14T13:40:35.7569100+01:00" endTime="2015-01-14T13:40:36.7952736+01:00" testType="13cdc9d9-ddb5-4fa4-a97d-d965ccfc6d4b" outcome="Passed" testListId="8c84fa94-04c1-424b-9868-57a2d4851a1d" relativeResultsDirectory="c3da8eaf-31f2-47cc-87ce-98841108e9d9">
    </UnitTestResult>
    <UnitTestResult executionId="2e92cc00-7a11-46a9-8b69-b6897a6cbd0c" testId="41360058-c956-36b7-984d-e4a341817741" testName="DeleteRoleTestWithIndexOutOfRange" computerName="ALFREDLAPTOP" duration="00:00:00.9957121" startTime="2015-01-14T13:40:36.8142801+01:00" endTime="2015-01-14T13:40:37.8266459+01:00" testType="13cdc9d9-ddb5-4fa4-a97d-d965ccfc6d4b" outcome="Passed" testListId="8c84fa94-04c1-424b-9868-57a2d4851a1d" relativeResultsDirectory="2e92cc00-7a11-46a9-8b69-b6897a6cbd0c">
    </UnitTestResult>
    <UnitTestResult executionId="7c3cd511-3afc-493f-b283-49e1d5fab6fe" testId="48ef3168-d4a5-aad6-d2d5-589a123f5ebd" testName="GetRoleByNameTestWithShortChar" computerName="ALFREDLAPTOP" duration="00:00:00.9875708" startTime="2015-01-14T13:40:37.8666602+01:00" endTime="2015-01-14T13:40:38.8709816+01:00" testType="13cdc9d9-ddb5-4fa4-a97d-d965ccfc6d4b" outcome="Passed" testListId="8c84fa94-04c1-424b-9868-57a2d4851a1d" relativeResultsDirectory="7c3cd511-3afc-493f-b283-49e1d5fab6fe">
    </UnitTestResult>
    <UnitTestResult executionId="e4749d4c-ddbe-44bf-8aad-dcb16c5d67fe" testId="50cf6af9-82f8-7b49-b96f-42b2e6933e75" testName="UpdateRoleTest" computerName="ALFREDLAPTOP" duration="00:00:00.3969036" startTime="2015-01-14T13:40:38.9039936+01:00" endTime="2015-01-14T13:40:39.3392142+01:00" testType="13cdc9d9-ddb5-4fa4-a97d-d965ccfc6d4b" outcome="Passed" testListId="8c84fa94-04c1-424b-9868-57a2d4851a1d" relativeResultsDirectory="e4749d4c-ddbe-44bf-8aad-dcb16c5d67fe">
    </UnitTestResult>
    <UnitTestResult executionId="81e90800-a084-43d6-bb3a-f9faaaed9f62" testId="51260270-99c2-a592-6289-efc648b7c1ce" testName="UpdateRoleWithLongChar" computerName="ALFREDLAPTOP" duration="00:00:00.9194271" startTime="2015-01-14T13:40:39.3562197+01:00" endTime="2015-01-14T13:40:40.2905187+01:00" testType="13cdc9d9-ddb5-4fa4-a97d-d965ccfc6d4b" outcome="Passed" testListId="8c84fa94-04c1-424b-9868-57a2d4851a1d" relativeResultsDirectory="81e90800-a084-43d6-bb3a-f9faaaed9f62">
    </UnitTestResult>
    <UnitTestResult executionId="275c4cf3-0927-4ace-a08f-90586f66eb91" testId="66c98eba-f7e3-85ce-5e49-83341cfd6d14" testName="AddRoleTestWithNonAsciiChar" computerName="ALFREDLAPTOP" duration="00:00:01.0054187" startTime="2015-01-14T13:40:40.3135280+01:00" endTime="2015-01-14T13:40:41.3348707+01:00" testType="13cdc9d9-ddb5-4fa4-a97d-d965ccfc6d4b" outcome="Passed" testListId="8c84fa94-04c1-424b-9868-57a2d4851a1d" relativeResultsDirectory="275c4cf3-0927-4ace-a08f-90586f66eb91">
    </UnitTestResult>
    <UnitTestResult executionId="a02d7541-b45f-4906-892e-9876c88690a2" testId="7504c301-0505-f3c9-4ca1-4aee94ea9878" testName="DeleteRoleTest" computerName="ALFREDLAPTOP" duration="00:00:00.1831455" startTime="2015-01-14T13:40:41.3648808+01:00" endTime="2015-01-14T13:40:41.5759465+01:00" testType="13cdc9d9-ddb5-4fa4-a97d-d965ccfc6d4b" outcome="Passed" testListId="8c84fa94-04c1-424b-9868-57a2d4851a1d" relativeResultsDirectory="a02d7541-b45f-4906-892e-9876c88690a2">
    </UnitTestResult>
    <UnitTestResult executionId="a5f7d0ba-1df1-4190-a91b-58ee4b167558" testId="7f14bc7e-3bed-bd76-5aee-5a8cf6bdc6e4" testName="DeleteRoleTestWithNonExistingID" computerName="ALFREDLAPTOP" duration="00:00:00.8719872" startTime="2015-01-14T13:40:41.5999571+01:00" endTime="2015-01-14T13:40:42.5012561+01:00" testType="13cdc9d9-ddb5-4fa4-a97d-d965ccfc6d4b" outcome="Passed" testListId="8c84fa94-04c1-424b-9868-57a2d4851a1d" relativeResultsDirectory="a5f7d0ba-1df1-4190-a91b-58ee4b167558">
    </UnitTestResult>
    <UnitTestResult executionId="b32e32ca-01ad-45f4-9010-a76983ac2832" testId="9e664647-4cab-93ef-27fa-d96bdc610731" testName="UpdateRoleWithEmptyString" computerName="ALFREDLAPTOP" duration="00:00:01.0288816" startTime="2015-01-14T13:40:42.5202622+01:00" endTime="2015-01-14T13:40:43.5696163+01:00" testType="13cdc9d9-ddb5-4fa4-a97d-d965ccfc6d4b" outcome="Passed" testListId="8c84fa94-04c1-424b-9868-57a2d4851a1d" relativeResultsDirectory="b32e32ca-01ad-45f4-9010-a76983ac2832">
    </UnitTestResult>
    <UnitTestResult executionId="3a322590-efcb-472a-9eaa-0349bd468ee3" testId="a122af15-54f1-74de-2685-e888694ddbf6" testName="GetRoleByNameTestWithNonAsciiChar" computerName="ALFREDLAPTOP" duration="00:00:00.8756069" startTime="2015-01-14T13:40:43.5986270+01:00" endTime="2015-01-14T13:40:44.4979134+01:00" testType="13cdc9d9-ddb5-4fa4-a97d-d965ccfc6d4b" outcome="Passed" testListId="8c84fa94-04c1-424b-9868-57a2d4851a1d" relativeResultsDirectory="3a322590-efcb-472a-9eaa-0349bd468ee3">
    </UnitTestResult>
    <UnitTestResult executionId="f5a7ee9d-3918-4b9d-943b-ff13b8032b91" testId="a14cde04-63ac-9696-d432-e3e50e9e4dc3" testName="UpdateRoleWithNull" computerName="ALFREDLAPTOP" duration="00:00:01.0399878" startTime="2015-01-14T13:40:44.5169204+01:00" endTime="2015-01-14T13:40:45.5762605+01:00" testType="13cdc9d9-ddb5-4fa4-a97d-d965ccfc6d4b" outcome="Passed" testListId="8c84fa94-04c1-424b-9868-57a2d4851a1d" relativeResultsDirectory="f5a7ee9d-3918-4b9d-943b-ff13b8032b91">
    </UnitTestResult>
    <UnitTestResult executionId="1e4c44a3-cd68-4b9a-82ee-d146df617d43" testId="a4442ed4-7a8b-a60d-2e57-ab4d2b217857" testName="About" computerName="ALFREDLAPTOP" duration="00:00:00.1532439" startTime="2015-01-14T13:40:45.6032677+01:00" endTime="2015-01-14T13:40:45.7953336+01:00" testType="13cdc9d9-ddb5-4fa4-a97d-d965ccfc6d4b" outcome="Passed" testListId="8c84fa94-04c1-424b-9868-57a2d4851a1d" relativeResultsDirectory="1e4c44a3-cd68-4b9a-82ee-d146df617d43">
    </UnitTestResult>
    <UnitTestResult executionId="6567965b-d706-4126-adbf-0c33d5afa8ac" testId="ad9f2b81-0289-2271-fb57-aeecbe404f38" testName="Index" computerName="ALFREDLAPTOP" duration="00:00:00.3660967" startTime="2015-01-14T13:40:45.8193364+01:00" endTime="2015-01-14T13:40:46.2084785+01:00" testType="13cdc9d9-ddb5-4fa4-a97d-d965ccfc6d4b" outcome="Passed" testListId="8c84fa94-04c1-424b-9868-57a2d4851a1d" relativeResultsDirectory="6567965b-d706-4126-adbf-0c33d5afa8ac">
    </UnitTestResult>
    <UnitTestResult executionId="60cf9c9d-e6f0-49a4-b011-46f48995d091" testId="be4cecf6-7322-8f33-6664-d8013714b2f2" testName="GetRoleByNameTestWithLongChar" computerName="ALFREDLAPTOP" duration="00:00:00.7881480" startTime="2015-01-14T13:40:46.2274879+01:00" endTime="2015-01-14T13:40:47.0327460+01:00" testType="13cdc9d9-ddb5-4fa4-a97d-d965ccfc6d4b" outcome="Passed" testListId="8c84fa94-04c1-424b-9868-57a2d4851a1d" relativeResultsDirectory="60cf9c9d-e6f0-49a4-b011-46f48995d091">
    </UnitTestResult>
    <UnitTestResult executionId="36bdaee5-51d9-4c57-91f6-9ec7152f92d0" testId="c055d1e6-3f71-cb60-a031-1f1af95fa19e" testName="UpdateRoleWithNonAsciiChar" computerName="ALFREDLAPTOP" duration="00:00:00.9583585" startTime="2015-01-14T13:40:47.0517521+01:00" endTime="2015-01-14T13:40:48.0290846+01:00" testType="13cdc9d9-ddb5-4fa4-a97d-d965ccfc6d4b" outcome="Passed" testListId="8c84fa94-04c1-424b-9868-57a2d4851a1d" relativeResultsDirectory="36bdaee5-51d9-4c57-91f6-9ec7152f92d0">
    </UnitTestResult>
    <UnitTestResult executionId="0b3ac15b-f64d-4d0c-a620-c9a2c5b95372" testId="c8581f93-0a87-3119-5ba0-98106f3298db" testName="AddRoleTestWithNull" computerName="ALFREDLAPTOP" duration="00:00:00.9706412" startTime="2015-01-14T13:40:48.0620966+01:00" endTime="2015-01-14T13:40:49.0509304+01:00" testType="13cdc9d9-ddb5-4fa4-a97d-d965ccfc6d4b" outcome="Passed" testListId="8c84fa94-04c1-424b-9868-57a2d4851a1d" relativeResultsDirectory="0b3ac15b-f64d-4d0c-a620-c9a2c5b95372">
    </UnitTestResult>
    <UnitTestResult executionId="03c12a16-eeb2-4b2a-8579-704c57be1dce" testId="cc6ec9c0-b057-e971-65ad-b6ecc692f7a4" testName="AddRoleTestWithNameLong" computerName="ALFREDLAPTOP" duration="00:00:00.9740473" startTime="2015-01-14T13:40:49.0709382+01:00" endTime="2015-01-14T13:40:50.0672667+01:00" testType="13cdc9d9-ddb5-4fa4-a97d-d965ccfc6d4b" outcome="Passed" testListId="8c84fa94-04c1-424b-9868-57a2d4851a1d" relativeResultsDirectory="03c12a16-eeb2-4b2a-8579-704c57be1dce">
    </UnitTestResult>
    <UnitTestResult executionId="31303a76-6be6-436d-8b6d-679ce566a11a" testId="d474ced3-1095-217a-30c1-e75c5d5363f0" testName="GetRoleByNameTestWithNumbers" computerName="ALFREDLAPTOP" duration="00:00:00.9227151" startTime="2015-01-14T13:40:50.1102810+01:00" endTime="2015-01-14T13:40:51.0506020+01:00" testType="13cdc9d9-ddb5-4fa4-a97d-d965ccfc6d4b" outcome="Passed" testListId="8c84fa94-04c1-424b-9868-57a2d4851a1d" relativeResultsDirectory="31303a76-6be6-436d-8b6d-679ce566a11a">
    </UnitTestResult>
    <UnitTestResult executionId="8e9353a0-e5af-40f0-946c-532fcde2b458" testId="d8d2fa1b-accd-c01c-d46e-1abaf4a1de9e" testName="AddRoleTest" computerName="ALFREDLAPTOP" duration="00:00:00.0942821" startTime="2015-01-14T13:40:51.0706099+01:00" endTime="2015-01-14T13:40:51.1816488+01:00" testType="13cdc9d9-ddb5-4fa4-a97d-d965ccfc6d4b" outcome="Passed" testListId="8c84fa94-04c1-424b-9868-57a2d4851a1d" relativeResultsDirectory="8e9353a0-e5af-40f0-946c-532fcde2b458">
    </UnitTestResult>
    <UnitTestResult executionId="0d55e06b-5e60-464c-86ca-01a545b9f2b5" testId="e74b7b6e-789d-5be6-d6c1-37548d53e5e2" testName="GetRoleByNameEmptyStringTest" computerName="ALFREDLAPTOP" duration="00:00:00.9373407" startTime="2015-01-14T13:40:51.1986509+01:00" endTime="2015-01-14T13:40:52.1549565+01:00" testType="13cdc9d9-ddb5-4fa4-a97d-d965ccfc6d4b" outcome="Passed" testListId="8c84fa94-04c1-424b-9868-57a2d4851a1d" relativeResultsDirectory="0d55e06b-5e60-464c-86ca-01a545b9f2b5">
    </UnitTestResult>
    <UnitTestResult executionId="192633a5-560d-4dfb-bebd-38ac89e8fcfe" testId="ec03753a-776a-ffbf-48d0-5e2fda83d07c" testName="GetRoleByNameTest" computerName="ALFREDLAPTOP" duration="00:00:00.1207791" startTime="2015-01-14T13:40:52.1769660+01:00" endTime="2015-01-14T13:40:52.3180088+01:00" testType="13cdc9d9-ddb5-4fa4-a97d-d965ccfc6d4b" outcome="Passed" testListId="8c84fa94-04c1-424b-9868-57a2d4851a1d" relativeResultsDirectory="192633a5-560d-4dfb-bebd-38ac89e8fcfe">
    </UnitTestResult>
    <UnitTestResult executionId="ad5b7b42-da30-4956-839c-8e9296924d8f" testId="ed440bb0-524a-39cc-a811-5f5ad0322b87" testName="GetAllRoles" computerName="ALFREDLAPTOP" duration="00:00:00.0554904" startTime="2015-01-14T13:40:52.3520197+01:00" endTime="2015-01-14T13:40:52.4490508+01:00" testType="13cdc9d9-ddb5-4fa4-a97d-d965ccfc6d4b" outcome="Passed" testListId="8c84fa94-04c1-424b-9868-57a2d4851a1d" relativeResultsDirectory="ad5b7b42-da30-4956-839c-8e9296924d8f">
    </UnitTestResult>
    <UnitTestResult executionId="7116cf2a-0042-4dc6-b252-8f6fe7cfa771" testId="f1df9c13-4c0a-702e-6bea-c04ad84dcfec" testName="UpdateRoleWithShortChar" computerName="ALFREDLAPTOP" duration="00:00:00.7693483" startTime="2015-01-14T13:40:52.4740583+01:00" endTime="2015-01-14T13:40:53.2723127+01:00" testType="13cdc9d9-ddb5-4fa4-a97d-d965ccfc6d4b" outcome="Passed" testListId="8c84fa94-04c1-424b-9868-57a2d4851a1d" relativeResultsDirectory="7116cf2a-0042-4dc6-b252-8f6fe7cfa771">
    </UnitTestResult>
    <UnitTestResult executionId="9656bd19-1227-4301-a72e-d5012512be00" testId="fa9ad786-6169-c1bc-8e78-ccc4cebcb112" testName="GetRoleByNameTestWithNull" computerName="ALFREDLAPTOP" duration="00:00:01.5126081" startTime="2015-01-14T13:40:53.2943212+01:00" endTime="2015-01-14T13:40:54.8268417+01:00" testType="13cdc9d9-ddb5-4fa4-a97d-d965ccfc6d4b" outcome="Passed" testListId="8c84fa94-04c1-424b-9868-57a2d4851a1d" relativeResultsDirectory="9656bd19-1227-4301-a72e-d5012512be00">
    </UnitTestResult>
    <UnitTestResult executionId="cc196318-9fa6-4d3f-8521-e674309ed56a" testId="fcafdad6-d044-8dfa-0a18-ccddb9d60a38" testName="AddRoleTestWithNumbers" computerName="ALFREDLAPTOP" duration="00:00:00.9864351" startTime="2015-01-14T13:40:54.8538518+01:00" endTime="2015-01-14T13:40:55.8561822+01:00" testType="13cdc9d9-ddb5-4fa4-a97d-d965ccfc6d4b" outcome="Passed" testListId="8c84fa94-04c1-424b-9868-57a2d4851a1d" relativeResultsDirectory="cc196318-9fa6-4d3f-8521-e674309ed56a">
    </UnitTestResult>
    <UnitTestResult executionId="dd762271-9d70-4f6d-b8dc-7ad5fc58d76a" testId="fede1600-7016-2355-d7d6-4a8a179f3139" testName="AddRoleTestWithEmptyField" computerName="ALFREDLAPTOP" duration="00:00:01.3245378" startTime="2015-01-14T13:40:55.8751902+01:00" endTime="2015-01-14T13:40:57.2186401+01:00" testType="13cdc9d9-ddb5-4fa4-a97d-d965ccfc6d4b" outcome="Passed" testListId="8c84fa94-04c1-424b-9868-57a2d4851a1d" relativeResultsDirectory="dd762271-9d70-4f6d-b8dc-7ad5fc58d76a">
    </UnitTestResult>
  </Results>
</TestRun>