<?xml version="1.0" encoding="UTF-8"?>
<TestRun id="83cfb56d-0c44-4c7e-8ea0-311d75c45dd2" name="MattMif@ALFREDLAPTOP 2015-01-13 10:43:45" runUser="AlfredLaptop\MattMif" xmlns="http://microsoft.com/schemas/VisualStudio/TeamTest/2010">
  <TestSettings name="Default Test Settings" id="97329be5-66c9-4b68-9bc3-f64f96d6c01a">
    <Deployment runDeploymentRoot="MattMif_ALFREDLAPTOP 2015-01-13 10_43_45">
      <DeploymentItem filename="C:\Users\MattMif\Desktop\SE_Assignment\TraderPlaceApp\Business Logic\bin\Debug\Business Logic.dll" />
      <DeploymentItem filename="C:\Users\MattMif\Desktop\SE_Assignment\TraderPlaceApp\TraderPlaceApp\bin\TraderPlaceApp.dll" />
      <DeploymentItem filename="C:\Users\MattMif\Desktop\SE_Assignment\TraderPlaceApp\Data Access\bin\Debug\Data Access.dll" />
      <DeploymentItem filename="C:\Users\MattMif\Desktop\SE_Assignment\TraderPlaceApp\Common\bin\Debug\Common.dll" />
    </Deployment>
    <Execution>
      <TestTypeSpecific />
      <AgentRule name="Execution Agents">
      </AgentRule>
    </Execution>
  </TestSettings>
  <Times creation="2015-01-13T10:43:45.1715367+01:00" queuing="2015-01-13T10:43:47.5222868+01:00" start="2015-01-13T10:43:47.6863423+01:00" finish="2015-01-13T10:43:52.5158193+01:00" />
  <ResultSummary outcome="Completed">
    <Counters total="1" executed="1" passed="1" error="0" failed="0" timeout="0" aborted="0" inconclusive="0" passedButRunAborted="0" notRunnable="0" notExecuted="0" disconnected="0" warning="0" completed="0" inProgress="0" pending="0" />
  </ResultSummary>
  <TestDefinitions>
    <UnitTest name="AddRoleTest" storage="c:\users\mattmif\desktop\se_assignment\traderplaceapp\traderplaceapp.tests\bin\debug\traderplaceapp.tests.dll" id="d8d2fa1b-accd-c01c-d46e-1abaf4a1de9e">
      <Execution id="6e0bc5d5-f52d-4d2a-9a36-4b2a68d2f1e9" />
      <TestMethod codeBase="C:/Users/MattMif/Desktop/SE_Assignment/TraderPlaceApp/TraderPlaceApp.Tests/bin/Debug/TraderPlaceApp.Tests.DLL" adapterTypeName="Microsoft.VisualStudio.TestTools.TestTypes.Unit.UnitTestAdapter, Microsoft.VisualStudio.QualityTools.Tips.UnitTest.Adapter, Version=10.0.0.0, Culture=neutral, PublicKeyToken=b03f5f7f11d50a3a" className="TraderPlaceApp.Tests.Controllers.RoleControllerTest, TraderPlaceApp.Tests, Version=1.0.0.0, Culture=neutral, PublicKeyToken=null" name="AddRoleTest" />
    </UnitTest>
  </TestDefinitions>
  <TestLists>
    <TestList name="Results Not in a List" id="8c84fa94-04c1-424b-9868-57a2d4851a1d" />
    <TestList name="All Loaded Results" id="19431567-8539-422a-85d7-44ee4e166bda" />
  </TestLists>
  <TestEntries>
    <TestEntry testId="d8d2fa1b-accd-c01c-d46e-1abaf4a1de9e" executionId="6e0bc5d5-f52d-4d2a-9a36-4b2a68d2f1e9" testListId="8c84fa94-04c1-424b-9868-57a2d4851a1d" />
  </TestEntries>
  <Results>
    <UnitTestResult executionId="6e0bc5d5-f52d-4d2a-9a36-4b2a68d2f1e9" testId="d8d2fa1b-accd-c01c-d46e-1abaf4a1de9e" testName="AddRoleTest" computerName="ALFREDLAPTOP" duration="00:00:01.6546148" startTime="2015-01-13T10:43:47.7773719+01:00" endTime="2015-01-13T10:43:50.7962676+01:00" testType="13cdc9d9-ddb5-4fa4-a97d-d965ccfc6d4b" outcome="Passed" testListId="8c84fa94-04c1-424b-9868-57a2d4851a1d" relativeResultsDirectory="6e0bc5d5-f52d-4d2a-9a36-4b2a68d2f1e9">
    </UnitTestResult>
  </Results>
</TestRun>