<?xml version="1.0" encoding="UTF-8"?>
<TestRun id="3acad091-6911-408d-976d-b1fffb4b7801" name="MattMif@ALFREDLAPTOP 2015-01-13 10:41:55" runUser="AlfredLaptop\MattMif" xmlns="http://microsoft.com/schemas/VisualStudio/TeamTest/2010">
  <TestSettings name="Default Test Settings" id="0f34353d-0239-4536-9faa-49bff81569cc">
    <Deployment runDeploymentRoot="MattMif_ALFREDLAPTOP 2015-01-13 10_41_55">
      <DeploymentItem filename="C:\Users\MattMif\Desktop\SE_Assignment\TraderPlaceApp\Business Logic\bin\Debug\Business Logic.dll" />
      <DeploymentItem filename="C:\Users\MattMif\Desktop\SE_Assignment\TraderPlaceApp\TraderPlaceApp\bin\TraderPlaceApp.dll" />
      <DeploymentItem filename="C:\Users\MattMif\Desktop\SE_Assignment\TraderPlaceApp\Data Access\bin\Debug\Data Access.dll" />
      <DeploymentItem filename="C:\Users\MattMif\Desktop\SE_Assignment\TraderPlaceApp\Common\bin\Debug\Common.dll" />
    </Deployment>
    <Execution>
      <TestTypeSpecific />
      <AgentRule name="Execution Agents">
      </AgentRule>
    </Execution>
  </TestSettings>
  <Times creation="2015-01-13T10:41:55.6167989+01:00" queuing="2015-01-13T10:41:57.7124687+01:00" start="2015-01-13T10:41:57.9105322+01:00" finish="2015-01-13T10:42:05.1178928+01:00" />
  <ResultSummary outcome="Completed">
    <Counters total="1" executed="1" passed="1" error="0" failed="0" timeout="0" aborted="0" inconclusive="0" passedButRunAborted="0" notRunnable="0" notExecuted="0" disconnected="0" warning="0" completed="0" inProgress="0" pending="0" />
  </ResultSummary>
  <TestDefinitions>
    <UnitTest name="AddRoleTestWithNonAsciiChar" storage="c:\users\mattmif\desktop\se_assignment\traderplaceapp\traderplaceapp.tests\bin\debug\traderplaceapp.tests.dll" id="66c98eba-f7e3-85ce-5e49-83341cfd6d14">
      <Execution id="b4288eed-cd3d-457e-966a-6ad7782f06c7" />
      <TestMethod codeBase="C:/Users/MattMif/Desktop/SE_Assignment/TraderPlaceApp/TraderPlaceApp.Tests/bin/Debug/TraderPlaceApp.Tests.DLL" adapterTypeName="Microsoft.VisualStudio.TestTools.TestTypes.Unit.UnitTestAdapter, Microsoft.VisualStudio.QualityTools.Tips.UnitTest.Adapter, Version=10.0.0.0, Culture=neutral, PublicKeyToken=b03f5f7f11d50a3a" className="TraderPlaceApp.Tests.Controllers.RoleControllerTest, TraderPlaceApp.Tests, Version=1.0.0.0, Culture=neutral, PublicKeyToken=null" name="AddRoleTestWithNonAsciiChar" />
    </UnitTest>
  </TestDefinitions>
  <TestLists>
    <TestList name="Results Not in a List" id="8c84fa94-04c1-424b-9868-57a2d4851a1d" />
    <TestList name="All Loaded Results" id="19431567-8539-422a-85d7-44ee4e166bda" />
  </TestLists>
  <TestEntries>
    <TestEntry testId="66c98eba-f7e3-85ce-5e49-83341cfd6d14" executionId="b4288eed-cd3d-457e-966a-6ad7782f06c7" testListId="8c84fa94-04c1-424b-9868-57a2d4851a1d" />
  </TestEntries>
  <Results>
    <UnitTestResult executionId="b4288eed-cd3d-457e-966a-6ad7782f06c7" testId="66c98eba-f7e3-85ce-5e49-83341cfd6d14" testName="AddRoleTestWithNonAsciiChar" computerName="ALFREDLAPTOP" duration="00:00:05.5052276" startTime="2015-01-13T10:41:57.9735543+01:00" endTime="2015-01-13T10:42:04.8277993+01:00" testType="13cdc9d9-ddb5-4fa4-a97d-d965ccfc6d4b" outcome="Passed" testListId="8c84fa94-04c1-424b-9868-57a2d4851a1d" relativeResultsDirectory="b4288eed-cd3d-457e-966a-6ad7782f06c7">
    </UnitTestResult>
  </Results>
</TestRun>