<?xml version="1.0" encoding="UTF-8"?>
<TestRun id="3e6ce23d-2ef3-424e-925f-953241fd38e1" name="MattMif@ALFREDLAPTOP 2015-01-13 10:54:58" runUser="AlfredLaptop\MattMif" xmlns="http://microsoft.com/schemas/VisualStudio/TeamTest/2010">
  <TestSettings name="Default Test Settings" id="e3d86434-1bb8-4b36-9a08-50985eae3a3e">
    <Deployment runDeploymentRoot="MattMif_ALFREDLAPTOP 2015-01-13 10_54_58">
      <DeploymentItem filename="C:\Users\MattMif\Desktop\SE_Assignment\TraderPlaceApp\Business Logic\bin\Debug\Business Logic.dll" />
      <DeploymentItem filename="C:\Users\MattMif\Desktop\SE_Assignment\TraderPlaceApp\TraderPlaceApp\bin\TraderPlaceApp.dll" />
      <DeploymentItem filename="C:\Users\MattMif\Desktop\SE_Assignment\TraderPlaceApp\Data Access\bin\Debug\Data Access.dll" />
      <DeploymentItem filename="C:\Users\MattMif\Desktop\SE_Assignment\TraderPlaceApp\Common\bin\Debug\Common.dll" />
    </Deployment>
    <Execution>
      <TestTypeSpecific />
      <AgentRule name="Execution Agents">
      </AgentRule>
    </Execution>
  </TestSettings>
  <Times creation="2015-01-13T10:54:58.8821747+01:00" queuing="2015-01-13T10:55:01.0258743+01:00" start="2015-01-13T10:55:01.2589495+01:00" finish="2015-01-13T10:55:16.6620715+01:00" />
  <ResultSummary outcome="Failed">
    <Counters total="1" executed="1" error="0" failed="1" timeout="0" aborted="0" inconclusive="0" passedButRunAborted="0" notRunnable="0" notExecuted="0" disconnected="0" warning="0" passed="0" completed="0" inProgress="0" pending="0" />
  </ResultSummary>
  <TestDefinitions>
    <UnitTest name="UpdateRoleWithNull" storage="c:\users\mattmif\desktop\se_assignment\traderplaceapp\traderplaceapp.tests\bin\debug\traderplaceapp.tests.dll" id="a14cde04-63ac-9696-d432-e3e50e9e4dc3">
      <Execution id="79fa5c5e-94a7-4120-af33-94588e54e525" />
      <TestMethod codeBase="C:/Users/MattMif/Desktop/SE_Assignment/TraderPlaceApp/TraderPlaceApp.Tests/bin/Debug/TraderPlaceApp.Tests.DLL" adapterTypeName="Microsoft.VisualStudio.TestTools.TestTypes.Unit.UnitTestAdapter, Microsoft.VisualStudio.QualityTools.Tips.UnitTest.Adapter, Version=10.0.0.0, Culture=neutral, PublicKeyToken=b03f5f7f11d50a3a" className="TraderPlaceApp.Tests.Controllers.RoleControllerTest, TraderPlaceApp.Tests, Version=1.0.0.0, Culture=neutral, PublicKeyToken=null" name="UpdateRoleWithNull" />
    </UnitTest>
  </TestDefinitions>
  <TestLists>
    <TestList name="Results Not in a List" id="8c84fa94-04c1-424b-9868-57a2d4851a1d" />
    <TestList name="All Loaded Results" id="19431567-8539-422a-85d7-44ee4e166bda" />
  </TestLists>
  <TestEntries>
    <TestEntry testId="a14cde04-63ac-9696-d432-e3e50e9e4dc3" executionId="79fa5c5e-94a7-4120-af33-94588e54e525" testListId="8c84fa94-04c1-424b-9868-57a2d4851a1d" />
  </TestEntries>
  <Results>
    <UnitTestResult executionId="79fa5c5e-94a7-4120-af33-94588e54e525" testId="a14cde04-63ac-9696-d432-e3e50e9e4dc3" testName="UpdateRoleWithNull" computerName="ALFREDLAPTOP" duration="00:00:11.8762559" startTime="2015-01-13T10:55:01.3259710+01:00" endTime="2015-01-13T10:55:14.9144816+01:00" testType="13cdc9d9-ddb5-4fa4-a97d-d965ccfc6d4b" outcome="Failed" testListId="8c84fa94-04c1-424b-9868-57a2d4851a1d" relativeResultsDirectory="79fa5c5e-94a7-4120-af33-94588e54e525">
      <Output>
        <ErrorInfo>
          <Message>Test method TraderPlaceApp.Tests.Controllers.RoleControllerTest.UpdateRoleWithNull threw exception System.Data.ConstraintException, but exception System.ArgumentNullException was expected. Exception message: System.Data.ConstraintException: This property cannot be set to a null value.</Message>
          <StackTrace>    at System.Data.EntityUtil.ThrowPropertyIsNotNullable(String propertyName)
   at System.Data.Objects.DataClasses.StructuralObject.SetValidValue(String value, Boolean isNullable)
   at Common.Role.set_Role_Name(String value) in C:\Users\MattMif\Desktop\SE_Assignment\TraderPlaceApp\Common\TradersDB.Designer.cs:line 642
   at TraderPlaceApp.Tests.Controllers.RoleControllerTest.UpdateRoleWithNull() in C:\Users\MattMif\Desktop\SE_Assignment\TraderPlaceApp\TraderPlaceApp.Tests\Controllers\RoleControllerTest.cs:line 350
</StackTrace>
        </ErrorInfo>
      </Output>
    </UnitTestResult>
  </Results>
</TestRun>